// Jest Snapshot v1, https://goo.gl/fbAQLP

exports[`>>>NewComment --- Snapshot Rednders the NewComment Component 1`] = `
<div
  className="new-comment"
>
  <form
    onSubmit={[Function]}
  >
    <input
      className="comment-input"
      onChange={[Function]}
      placeholder="type a comment here...."
      value=""
    />
  </form>
</div>
`;
